../Core/Src/main.c:43:1:__io_putchar	16	static
../Core/Src/main.c:76:6:HAL_GPIO_EXTI_Callback	16	static
../Core/Src/main.c:99:6:HAL_TIM_PeriodElapsedCallback	16	static
../Core/Src/main.c:107:6:HAL_TIM_IC_CaptureCallback	24	static
../Core/Src/main.c:135:6:HAL_TIM_OC_DelayElapsedCallback	24	static
../Core/Src/main.c:158:5:main	8	static
../Core/Src/main.c:215:6:SystemClock_Config	88	static
../Core/Src/main.c:264:6:Error_Handler	4	static,ignoring_inline_asm
../Core/Src/main.c:283:6:assert_failed	16	static
