../Core/Src/L3GD20_util.c:15:5:Get_DataBlock	32	static
../Core/Src/L3GD20_util.c:33:5:Set_DataBlock	32	static
../Core/Src/L3GD20_util.c:53:5:L3GD20_Set_WhoAmIRegister	24	static
../Core/Src/L3GD20_util.c:60:5:L3GD20_Read_WhoAmIRegister	24	static
../Core/Src/L3GD20_util.c:68:5:L3GD20_CheckDefault_WhoAmIRegister	16	static
../Core/Src/L3GD20_util.c:81:5:L3GD20_Set_CTRL_REG1	24	static
../Core/Src/L3GD20_util.c:104:5:L3GD20_Read_CTRL_REG1	24	static
../Core/Src/L3GD20_util.c:117:5:L3GD20_Set_CTRL_REG1_OutputDataRate	24	static
../Core/Src/L3GD20_util.c:143:5:L3GD20_Set_CTRL_REG1_BandWidth	24	static
../Core/Src/L3GD20_util.c:156:5:L3GD20_Set_CTRL_REG1_PowerMode	24	static
../Core/Src/L3GD20_util.c:183:5:L3GD20_Set_CTRL_REG2	24	static
../Core/Src/L3GD20_util.c:191:5:L3GD20_Read_CTRL_REG2	24	static
../Core/Src/L3GD20_util.c:200:5:L3GD20_Set_CTRL_REG2_HighPassFilterMode	24	static
../Core/Src/L3GD20_util.c:223:5:L3GD20_Set_CTRL_REG2_HighPassFilter_CutOffFrequency	24	static
../Core/Src/L3GD20_util.c:233:5:L3GD20_Set_CTRL_REG3	24	static
../Core/Src/L3GD20_util.c:249:5:L3GD20_Read_CTRL_REG3	24	static
../Core/Src/L3GD20_util.c:264:5:L3GD20_Set_CTRL_REG4	24	static
../Core/Src/L3GD20_util.c:275:5:L3GD20_Read_CTRL_REG4	24	static
../Core/Src/L3GD20_util.c:286:5:L3GD20_Set_CTRL_REG5	24	static
../Core/Src/L3GD20_util.c:298:5:L3GD20_Read_CTRL_REG5	24	static
../Core/Src/L3GD20_util.c:310:5:L3GD20_Set_STATUS_REG	24	static
../Core/Src/L3GD20_util.c:325:5:L3GD20_Read_STATUS_REG	24	static
../Core/Src/L3GD20_util.c:340:5:L3GD20_Set_FIFO_CTRL_REG	24	static
../Core/Src/L3GD20_util.c:348:5:L3GD20_Read_FIFO_CTRL_REG	24	static
../Core/Src/L3GD20_util.c:357:5:L3GD20_Read_FIFO_SRC_REG	24	static
../Core/Src/L3GD20_util.c:367:5:L3GD20_Read_DATACAPTURE	24	static
../Core/Src/L3GD20_util.c:372:5:L3GD20_Read_OUTTEMP	24	static
../Core/Src/L3GD20_util.c:377:5:L3GD20_Read_Data	24	static
