../Core/Src/main.c:27:5:main	8	static
../Core/Src/main.c:45:6:Test_CTRL_REG5	16	static
../Core/Src/main.c:66:6:Test_CTRL_REG4	16	static
../Core/Src/main.c:83:6:Test_CTRL_REG3	16	static
../Core/Src/main.c:109:6:Test_CTRL_REG2	16	static
../Core/Src/main.c:135:6:Test_CTRL_REG1	24	static
../Core/Src/main.c:192:6:SystemClock_Config	88	static
../Core/Src/main.c:239:13:MX_CRC_Init	8	static
../Core/Src/main.c:256:13:MX_TIM1_Init	32	static
../Core/Src/main.c:285:13:MX_TIM2_Init	64	static
../Core/Src/main.c:330:13:MX_TIM3_Init	72	static
../Core/Src/main.c:389:6:StartDefaultTask	16	static
../Core/Src/main.c:400:6:Error_Handler	4	static,ignoring_inline_asm
