../Core/Src/main.c:24:5:main	24	static
../Core/Src/main.c:56:6:L3GD20_Init	32	static
../Core/Src/main.c:113:6:Test_CTRL_REG5	16	static
../Core/Src/main.c:134:6:Test_CTRL_REG4	16	static
../Core/Src/main.c:151:6:Test_CTRL_REG3	16	static
../Core/Src/main.c:177:6:Test_CTRL_REG2	16	static
../Core/Src/main.c:203:6:Test_CTRL_REG1	24	static
../Core/Src/main.c:260:6:SystemClock_Config	88	static
../Core/Src/main.c:307:13:MX_CRC_Init	8	static
../Core/Src/main.c:324:13:MX_TIM1_Init	32	static
../Core/Src/main.c:353:13:MX_TIM2_Init	64	static
../Core/Src/main.c:398:13:MX_TIM3_Init	72	static
../Core/Src/main.c:457:6:StartDefaultTask	16	static
../Core/Src/main.c:468:6:Error_Handler	4	static,ignoring_inline_asm
